// Jest Snapshot v1, https://goo.gl/fbAQLP

exports[`should log if use case fails 1`] = `<div />`;

exports[`should render 1`] = `
<div>
  <div
    class="flex flex-col"
  >
    <div
      class="flex flex-row mb-4"
    >
      <span
        class="
              w-full text-xl lg:text-2xl text-red-600 dark:text-red-400
              text-center font-mono
              underline decoration-dashed underline-offset-8
              "
      >
        #
        1
         
        Bulbasaur
      </span>
      <span
        class="
                w-5 h-6
                text-orange-600 dark:text-orange-100
                text-center
                rounded bg-orange-100 dark:bg-orange-700
                font-mono
                "
        data-test-id="closeBtn"
        style="cursor: pointer;"
      >
        x
      </span>
    </div>
    <div
      class="self-center mb-4 flex flex-col"
      data-test-id="pokemonImage"
      style="cursor: pointer;"
    >
      <img
        alt="Pokemon image"
        class="w-[10rem] md:w-[15rem] dark:text-gray-200 text-xs text-center"
        src="bulbasaur-image"
      />
      <span
        class="italic text-gray-400 text-xs text-center mt-2"
      >
        Click to show alternative art
      </span>
    </div>
    <div
      class="flex flex-row self-center mb-4"
    >
      <div
        class="
                bg-orange-100 border border-orange-400 dark:bg-orange-700
                w-fit px-2 py-1 mr-1 dark:text-gray-200
                last:mr-0 rounded-md hover:bg-orange-300 dark:hover:bg-orange-500
                "
        style="cursor: pointer;"
      >
        plant
      </div>
    </div>
    <div
      class="self-center flex flex-row mb-4"
    >
      <img
        alt="Pokemon back sprite"
        class="w-[10rem]"
        src="sprite-1"
      />
      <img
        alt="Pokemon back sprite"
        class="w-[10rem]"
        src="sprite-2"
      />
    </div>
    <div
      class="
            w-100 border rounded border-orange-400
            bg-orange-100 dark:bg-orange-700
            text-xs md:text-sm dark:text-gray-200
            "
    >
      <ul
        class="px-5 py-2 columns-2"
      >
        <li
          class="mb-1 last:mb-0"
        >
          <span
            class="text-orange-600 dark:text-red-200"
          >
            Attack
          </span>
          : 
          10
        </li>
      </ul>
    </div>
  </div>
</div>
`;

exports[`should render 2`] = `<div />`;
