// Jest Snapshot v1, https://goo.gl/fbAQLP

exports[`should render 1`] = `
<div>
  <div
    class="p-4"
  >
    <span
      class="text-xl"
    >
      <span
        class="text-orange-600"
      >
        404 -
      </span>
       Route not found
    </span>
    <div
      class="text-gray-600 dark:text-gray-200 text-sm mt-2"
    >
      Don't know where to go?
      <a
        class="
    ml-2 skew-y-3 inline-block p-1
    bg-orange-100 hover:bg-orange-200
    text-orange-600
    dark:bg-orange-700 dark:hover:bg-orange-600 dark:text-orange-200
    "
        href="/"
        style="cursor: pointer;"
      >
        <div
          class="-skew-y-3"
        >
          Take me home
        </div>
      </a>
    </div>
  </div>
</div>
`
